==== NAOMI DIAG ROM v0.16 (SH4/SCIF, no-RAM boot) ====
CPU OC-RAM (cache as RAM, 2x4KB) ........ OK
[00:00:00.000] SCIF console up, 57600 8N1
[00:00:00.140] CPU OC-RAM (SH-4 IC1) ........ OK

[00:00:00.311] SDRAM init (BSC values from original BIOS)...
[00:00:00.514] SDRAM detected size: 32 MB
[00:00:00.688] VRAM framebuffer quick check ........ OK
[00:00:00.879] Screen online: report displayed on VGA output.
[00:00:01.097] Sound RAM clip zone quick check ........ OK
[00:00:01.294] Audio online: replaying acquired results on speaker...
[00:00:07.733] Board probe: SH4 ver 040205C1, HOLLY id 17FD11DB rev 00000011, Elan id 00000000, model override 0
[00:00:08.107] Board: Naomi 1 (837-13544) ........ OK
[00:00:11.606] 10% 20% 30% 40% 50% 60% 70% 80% 90% BIOS ROM (IC27) CRC32 ........ OK
[00:00:15.103] Test loops relocated to CPU RAM ........ OK
[00:00:15.300]   loops execute at 8DFFC0AA (CPU RAM, cached: fast mode)
[00:00:15.539]   Estimated time left: 10:00
[00:00:15.689]   MIE on maple port 0, resp cmd 0x00000083
[00:00:15.882]   MIE version: "315-6149    COPYRIGHT SEGA E"
[00:00:16.085] Maple bus / MIE (JVS) ........ OK
[00:00:20.294]   MIE self-test status word: 00000000
[00:00:20.471] MIE self-test (Z80 ROM+RAM) ........ OK
[00:00:24.854]   Z80 program loaded into the MIE
[00:00:25.020]   DIP SW1: 1=15 kHz  2=OFF  3=OFF  4=OFF   (raw port 000000FE)
[00:00:25.279]   Board buttons: TEST released, SERVICE released

[00:00:25.510] Settings EEPROM: crc1 00004822 ok, crc2 00004822 ok, copies match
[00:00:25.779] Settings EEPROM (93C46 via MIE) ........ OK

[00:00:29.147] JVS: looking for an I/O board...
[00:00:29.326]   Identification: SEGA ENTERPRISES,LTD.;I/O BD JVS;837-13551
[00:00:29.578]   Revisions command / JVS / communication: 1.1 / 2.0 / 1.0
[00:00:29.824]   Inputs: 2 player(s) x 13 switches, 2 coin slot(s), 8 analog channel(s) of 16 bits
[00:00:30.152]   SENSE line (port 91h): 0000008E
[00:00:30.316] JVS I/O board: present ........ OK

[00:00:34.152] SDRAM: testing CPU RAM, bus and cells...
[00:00:34.339] SDRAM data bus ........ OK
[00:00:34.480] SDRAM address bus ........ OK
[00:00:34.631] pass 1/3 0101: 10% 20% 30% 40% 50% 60% 70% 80% 90%  ok
[00:00:35.095] pass 2/3 1010: 10% 20% 30% 40% 50% 60% 70% 80% 90%  ok
[00:00:35.560] pass 3/3 pseudo-random: 10% 20% 30% 40% 50% 60% 70% 80% 90%  ok
[00:00:37.217] SDRAM cell test ........ OK

[00:00:40.472] PVR: enabling VRAM controller, testing texture RAM...
[00:00:40.702] VRAM TEX0 data bus ........ OK
[00:00:40.856] VRAM TEX0 address bus ........ OK
[00:00:41.019] pass 1/3 0101: 10% 20% 30% 40% 50% 60% 70% 80% 90% 
[00:00:41.300] pass 2/3 1010: 10% 20% 30% 40% 50% 60% 70% 80% 90% 
[00:00:41.581] pass 3/3 pseudo-random: 10% 20% 30% 40% 50% 60% 70% 80% 90%  ok

[00:00:42.202] VRAM TEX0 (IC16/18/20/22) ........ OK
[00:00:45.433] VRAM TEX1 data bus ........ OK
[00:00:45.587] VRAM TEX1 address bus ........ OK
[00:00:45.751] pass 1/3 0101: 10% 20% 30% 40% 50% 60% 70% 80% 90% 
[00:00:46.041] pass 2/3 1010: 10% 20% 30% 40% 50% 60% 70% 80% 90% 
[00:00:46.331] pass 3/3 pseudo-random: 10% 20% 30% 40% 50% 60% 70% 80% 90%  ok

[00:00:46.961] VRAM TEX1 (IC17S/19S/21S/23S) ........ OK

[00:00:50.212] AICA: ARM7 held in reset, testing sound RAM (8MB, G2 bus)...
[00:00:50.464] Sound RAM data bus ........ OK
[00:00:50.618] Sound RAM address bus ........ OK
[00:00:50.782] pass 1/3 0101: 10% 20% 30% 40% 50% 60% 70% 80% 90%  ok
[00:00:51.232] pass 2/3 1010: 10% 20% 30% 40% 50% 60% 70% 80% 90%  ok
[00:00:51.682] pass 3/3 pseudo-random: 10% 20% 30% 40% 50% 60% 70% 80% 90%  ok
[00:00:52.310] Sound RAM cell test ........ OK

[00:00:55.570] Naomi 2 memories not tested: board not identified as Naomi 2.

[00:00:55.832] Backup NVRAM (IC29, non-destructive) + AICA RTC (IC33)...
[00:00:56.083] Backup NVRAM IC29 (kept intact) ........ OK
[00:01:01.550] RTC (AICA, must tick) ........ OK
[00:01:05.043]   RTC date: 2026-09-28 04:23:49 (ticking)

[00:01:05.267] Serial EEPROM (93C46 on SH4 GPIO): "..                      " printable 46/128
[00:01:05.578] Serial EEPROM (IC31, 93C46) ........ OK
[00:01:08.926] Relocated code integrity ........ OK

[00:01:09.107] ==== SUMMARY ====
[00:01:09.218] CPU OC-RAM (SH-4 IC1): OK
[00:01:09.356] VRAM framebuffer quick check: OK
[00:01:09.516] Sound RAM clip zone quick check: OK
[00:01:09.687] Board: Naomi 1 (837-13544): OK
[00:01:09.841] BIOS ROM (IC27) CRC32: OK
[00:01:09.979] Test loops relocated to CPU RAM: OK
[00:01:10.149] Maple bus / MIE (JVS): OK
[00:01:10.287] MIE self-test (Z80 ROM+RAM): OK
[00:01:10.444] Settings EEPROM (93C46 via MIE): OK
[00:01:10.614] JVS I/O board: present: OK
[00:01:10.755] SDRAM data bus: OK
[00:01:10.870] SDRAM address bus: OK
[00:01:10.994] SDRAM cell test: OK
[00:01:11.112] VRAM TEX0 data bus: OK
[00:01:11.240] VRAM TEX0 address bus: OK
[00:01:11.378] VRAM TEX0 (IC16/18/20/22): OK
[00:01:11.529] VRAM TEX1 data bus: OK
[00:01:11.656] VRAM TEX1 address bus: OK
[00:01:11.794] VRAM TEX1 (IC17S/19S/21S/23S): OK
[00:01:11.958] Sound RAM data bus: OK
[00:01:12.086] Sound RAM address bus: OK
[00:01:12.223] Sound RAM cell test: OK
[00:01:12.354] Backup NVRAM IC29 (kept intact): OK
[00:01:12.525] RTC (AICA, must tick): OK
[00:01:12.662] Serial EEPROM (IC31, 93C46): OK
[00:01:12.820] Relocated code integrity: OK
[00:01:12.967] Main RAM usable.
[00:01:13.075] Sound RAM usable, audio reports active.
[00:01:13.259] VRAM usable, on-screen report active.

[00:01:13.442] *** DIAG COMPLETE ***

[00:01:15.556] Press TEST or SERVICE (on the board) for the operator menu.
